/var/spool/slurm/slurmd/job13228473/slurm_script: line 12: cd: /home/scur2605/spai: Permission denied
============================================================================================== 
Warning! Mixing Conda and module environments may lead to corruption of the
user environment. 
We do not recommend users mixing those two environments unless absolutely
necessary. Note that 
SURF does not provide any support for Conda environment.
For more information, please refer to our software policy page:
https://servicedesk.surf.nl/wiki/display/WIKI/Software+policy+Snellius#SoftwarepolicySnellius-UseofAnacondaandMinicondaenvironmentsonSnellius 

Remember that many packages have already been installed on the system and can
be loaded using 
the 'module load <package__name>' command. If you are uncertain if a package is
already available 
on the system, please use 'module avail' or 'module spider' to search for it.
============================================================================================== 
/home/igodzwon/.conda/envs/spai/lib/python3.11/site-packages/albumentations/__init__.py:13: UserWarning: A new version of Albumentations is available: 2.0.8 (you have 1.4.14). Upgrade using: pip install -U albumentations. To disable automatic update checks, set the environment variable NO_ALBUMENTATIONS_UPDATE to 1.
  check_for_updates()
/home/igodzwon/.local/lib/python3.11/site-packages/torch/cuda/__init__.py:128: UserWarning: CUDA initialization: CUDA unknown error - this may be due to an incorrectly set up environment, e.g. changing env variable CUDA_VISIBLE_DEVICES after program start. Setting the available devices to be zero. (Triggered internally at ../c10/cuda/CUDAFunctions.cpp:108.)
  return torch._C._cuda_getDeviceCount() > 0
Usage: python -m spai test [OPTIONS]
Try 'python -m spai test --help' for help.

Error: Invalid value for '--model': Path '/home/scur2605/spai/output/resnet/finetune/fused_run/ckpt_epoch_9.pth' does not exist.

JOB STATISTICS
==============
Job ID: 13228473
Cluster: snellius
User/Group: igodzwon/igodzwon
State: FAILED (exit code 2)
Nodes: 1
Cores per node: 16
CPU Utilized: 00:00:11
CPU Efficiency: 2.64% of 00:06:56 core-walltime
Job Wall-clock time: 00:00:26
Memory Utilized: 1.71 MB
Memory Efficiency: 0.00% of 180.00 GB (180.00 GB/node)
