/var/spool/slurm/slurmd/job13228479/slurm_script: line 12: cd: /home/scur2605/spai: Permission denied
============================================================================================== 
Warning! Mixing Conda and module environments may lead to corruption of the
user environment. 
We do not recommend users mixing those two environments unless absolutely
necessary. Note that 
SURF does not provide any support for Conda environment.
For more information, please refer to our software policy page:
https://servicedesk.surf.nl/wiki/display/WIKI/Software+policy+Snellius#SoftwarepolicySnellius-UseofAnacondaandMinicondaenvironmentsonSnellius 

Remember that many packages have already been installed on the system and can
be loaded using 
the 'module load <package__name>' command. If you are uncertain if a package is
already available 
on the system, please use 'module avail' or 'module spider' to search for it.
============================================================================================== 
/home/igodzwon/.conda/envs/spai/lib/python3.11/site-packages/albumentations/__init__.py:13: UserWarning: A new version of Albumentations is available: 2.0.8 (you have 1.4.14). Upgrade using: pip install -U albumentations. To disable automatic update checks, set the environment variable NO_ALBUMENTATIONS_UPDATE to 1.
  check_for_updates()
Usage: python -m spai test [OPTIONS]
Try 'python -m spai test --help' for help.

Error: Invalid value for '--model': Path 'mulitspai_weights/ckpt_epoch_9.pth' does not exist.

JOB STATISTICS
==============
Job ID: 13228479
Cluster: snellius
User/Group: igodzwon/igodzwon
State: FAILED (exit code 2)
Nodes: 1
Cores per node: 16
CPU Utilized: 00:00:11
CPU Efficiency: 3.27% of 00:05:36 core-walltime
Job Wall-clock time: 00:00:21
Memory Utilized: 1.58 MB
Memory Efficiency: 0.00% of 180.00 GB (180.00 GB/node)
